2026-05-30 00:47:50,827 | __main__.py:30 | DEBUG: New Run
2026-05-30 00:47:50,827 | __main__.py:136 | INFO: Loading from save.txt
2026-05-30 00:47:50,827 | __main__.py:121 | ERROR: Could not Load File: save.txt
Traceback (most recent call last):
  File "/home/kalibasenji42/Documents/git/PiCalc/__main__.py", line 119, in readConfig
    try: loadFile(saveLocation)
         ~~~~~~~~^^^^^^^^^^^^^^
  File "/home/kalibasenji42/Documents/git/PiCalc/__main__.py", line 138, in loadFile
    with open(path, 'r') as file: data = json.loads(file.read()) # Read File
                                         ~~~~~~~~~~^^^^^^^^^^^^^
  File "/nix/store/8ln5bd92djnvnbcsm8zg5hm28b46ba1v-python3-3.13.12-env/lib/python3.13/json/__init__.py", line 352, in loads
    return _default_decoder.decode(s)
           ~~~~~~~~~~~~~~~~~~~~~~~^^^
  File "/nix/store/8ln5bd92djnvnbcsm8zg5hm28b46ba1v-python3-3.13.12-env/lib/python3.13/json/decoder.py", line 345, in decode
    obj, end = self.raw_decode(s, idx=_w(s, 0).end())
               ~~~~~~~~~~~~~~~^^^^^^^^^^^^^^^^^^^^^^^
  File "/nix/store/8ln5bd92djnvnbcsm8zg5hm28b46ba1v-python3-3.13.12-env/lib/python3.13/json/decoder.py", line 363, in raw_decode
    raise JSONDecodeError("Expecting value", s, err.value) from None
json.decoder.JSONDecodeError: Expecting value: line 1 column 1 (char 0)
2026-05-30 00:47:53,336 | __main__.py:153 | INFO: Saving to save.txt
2026-05-30 00:47:55,837 | __main__.py:153 | INFO: Saving to save.txt
2026-05-30 00:47:58,339 | __main__.py:153 | INFO: Saving to save.txt
2026-05-30 00:48:00,841 | __main__.py:153 | INFO: Saving to save.txt
2026-05-30 00:48:03,342 | __main__.py:153 | INFO: Saving to save.txt
2026-05-30 00:48:05,843 | __main__.py:153 | INFO: Saving to save.txt
2026-05-30 00:48:08,345 | __main__.py:153 | INFO: Saving to save.txt
2026-05-30 00:48:10,846 | __main__.py:153 | INFO: Saving to save.txt
2026-05-30 00:48:13,348 | __main__.py:153 | INFO: Saving to save.txt
2026-05-30 00:48:15,849 | __main__.py:153 | INFO: Saving to save.txt
2026-05-30 00:48:16,315 | __main__.py:586 | INFO: Keyboard Interrupt
2026-05-30 00:48:16,315 | __main__.py:153 | INFO: Saving to save.txt
2026-05-30 00:49:09,824 | __main__.py:30 | DEBUG: New Run
2026-05-30 00:49:09,824 | __main__.py:136 | INFO: Loading from save.txt
2026-05-30 00:49:09,824 | __main__.py:121 | ERROR: Could not Load File: save.txt
Traceback (most recent call last):
  File "/home/kalibasenji42/Documents/git/PiCalc/__main__.py", line 119, in readConfig
    try: loadFile(saveLocation)
         ~~~~~~~~^^^^^^^^^^^^^^
  File "/home/kalibasenji42/Documents/git/PiCalc/__main__.py", line 138, in loadFile
    with open(path, 'r') as file: data = json.loads(file.read()) # Read File
                                         ~~~~~~~~~~^^^^^^^^^^^^^
  File "/nix/store/8ln5bd92djnvnbcsm8zg5hm28b46ba1v-python3-3.13.12-env/lib/python3.13/json/__init__.py", line 352, in loads
    return _default_decoder.decode(s)
           ~~~~~~~~~~~~~~~~~~~~~~~^^^
  File "/nix/store/8ln5bd92djnvnbcsm8zg5hm28b46ba1v-python3-3.13.12-env/lib/python3.13/json/decoder.py", line 345, in decode
    obj, end = self.raw_decode(s, idx=_w(s, 0).end())
               ~~~~~~~~~~~~~~~^^^^^^^^^^^^^^^^^^^^^^^
  File "/nix/store/8ln5bd92djnvnbcsm8zg5hm28b46ba1v-python3-3.13.12-env/lib/python3.13/json/decoder.py", line 363, in raw_decode
    raise JSONDecodeError("Expecting value", s, err.value) from None
json.decoder.JSONDecodeError: Expecting value: line 1 column 1 (char 0)
2026-05-30 00:49:12,964 | __main__.py:153 | INFO: Saving to save.txt
2026-05-30 00:56:28,886 | __main__.py:30 | DEBUG: New Run
2026-05-30 00:56:28,886 | __main__.py:136 | INFO: Loading from save.txt
2026-05-30 00:56:32,413 | __main__.py:586 | INFO: Keyboard Interrupt
2026-05-30 00:56:32,413 | __main__.py:153 | INFO: Saving to save.txt
2026-05-30 00:57:15,770 | __main__.py:30 | DEBUG: New Run
2026-05-30 00:57:15,770 | __main__.py:136 | INFO: Loading from save.txt
2026-05-30 00:57:15,770 | __main__.py:121 | ERROR: Could not Load File: save.txt
Traceback (most recent call last):
  File "/home/kalibasenji42/Documents/git/PiCalc/__main__.py", line 119, in readConfig
    try: loadFile(saveLocation)
         ~~~~~~~~^^^^^^^^^^^^^^
  File "/home/kalibasenji42/Documents/git/PiCalc/__main__.py", line 138, in loadFile
    with open(path, 'r') as file: data = json.loads(file.read()) # Read File
                                         ~~~~~~~~~~^^^^^^^^^^^^^
  File "/nix/store/8ln5bd92djnvnbcsm8zg5hm28b46ba1v-python3-3.13.12-env/lib/python3.13/json/__init__.py", line 352, in loads
    return _default_decoder.decode(s)
           ~~~~~~~~~~~~~~~~~~~~~~~^^^
  File "/nix/store/8ln5bd92djnvnbcsm8zg5hm28b46ba1v-python3-3.13.12-env/lib/python3.13/json/decoder.py", line 345, in decode
    obj, end = self.raw_decode(s, idx=_w(s, 0).end())
               ~~~~~~~~~~~~~~~^^^^^^^^^^^^^^^^^^^^^^^
  File "/nix/store/8ln5bd92djnvnbcsm8zg5hm28b46ba1v-python3-3.13.12-env/lib/python3.13/json/decoder.py", line 363, in raw_decode
    raise JSONDecodeError("Expecting value", s, err.value) from None
json.decoder.JSONDecodeError: Expecting value: line 1 column 1 (char 0)
2026-05-30 00:57:37,784 | __main__.py:586 | INFO: Keyboard Interrupt
2026-05-30 00:57:37,784 | __main__.py:153 | INFO: Saving to save.txt
2026-05-30 00:58:08,286 | __main__.py:30 | DEBUG: New Run
2026-05-30 00:58:08,286 | __main__.py:136 | INFO: Loading from save.txt
2026-05-30 00:58:08,287 | __main__.py:121 | ERROR: Could not Load File: save.txt
Traceback (most recent call last):
  File "/home/kalibasenji42/Documents/git/PiCalc/__main__.py", line 119, in readConfig
    try: loadFile(saveLocation)
         ~~~~~~~~^^^^^^^^^^^^^^
  File "/home/kalibasenji42/Documents/git/PiCalc/__main__.py", line 138, in loadFile
    with open(path, 'r') as file: data = json.loads(file.read()) # Read File
                                         ~~~~~~~~~~^^^^^^^^^^^^^
  File "/nix/store/8ln5bd92djnvnbcsm8zg5hm28b46ba1v-python3-3.13.12-env/lib/python3.13/json/__init__.py", line 352, in loads
    return _default_decoder.decode(s)
           ~~~~~~~~~~~~~~~~~~~~~~~^^^
  File "/nix/store/8ln5bd92djnvnbcsm8zg5hm28b46ba1v-python3-3.13.12-env/lib/python3.13/json/decoder.py", line 345, in decode
    obj, end = self.raw_decode(s, idx=_w(s, 0).end())
               ~~~~~~~~~~~~~~~^^^^^^^^^^^^^^^^^^^^^^^
  File "/nix/store/8ln5bd92djnvnbcsm8zg5hm28b46ba1v-python3-3.13.12-env/lib/python3.13/json/decoder.py", line 363, in raw_decode
    raise JSONDecodeError("Expecting value", s, err.value) from None
json.decoder.JSONDecodeError: Expecting value: line 1 column 1 (char 0)
2026-05-30 00:58:29,709 | __main__.py:586 | INFO: Keyboard Interrupt
2026-05-30 00:58:29,709 | __main__.py:153 | INFO: Saving to save.txt
2026-05-30 00:58:43,580 | __main__.py:30 | DEBUG: New Run
2026-05-30 00:58:43,580 | __main__.py:136 | INFO: Loading from save.txt
2026-05-30 00:58:43,581 | __main__.py:121 | ERROR: Could not Load File: save.txt
Traceback (most recent call last):
  File "/home/kalibasenji42/Documents/git/PiCalc/__main__.py", line 119, in readConfig
    try: loadFile(saveLocation)
         ~~~~~~~~^^^^^^^^^^^^^^
  File "/home/kalibasenji42/Documents/git/PiCalc/__main__.py", line 138, in loadFile
    with open(path, 'r') as file: data = json.loads(file.read()) # Read File
                                         ~~~~~~~~~~^^^^^^^^^^^^^
  File "/nix/store/8ln5bd92djnvnbcsm8zg5hm28b46ba1v-python3-3.13.12-env/lib/python3.13/json/__init__.py", line 352, in loads
    return _default_decoder.decode(s)
           ~~~~~~~~~~~~~~~~~~~~~~~^^^
  File "/nix/store/8ln5bd92djnvnbcsm8zg5hm28b46ba1v-python3-3.13.12-env/lib/python3.13/json/decoder.py", line 345, in decode
    obj, end = self.raw_decode(s, idx=_w(s, 0).end())
               ~~~~~~~~~~~~~~~^^^^^^^^^^^^^^^^^^^^^^^
  File "/nix/store/8ln5bd92djnvnbcsm8zg5hm28b46ba1v-python3-3.13.12-env/lib/python3.13/json/decoder.py", line 363, in raw_decode
    raise JSONDecodeError("Expecting value", s, err.value) from None
json.decoder.JSONDecodeError: Expecting value: line 1 column 1 (char 0)
2026-05-30 00:58:49,242 | __main__.py:586 | INFO: Keyboard Interrupt
2026-05-30 00:58:49,243 | __main__.py:153 | INFO: Saving to save.txt
2026-05-30 00:58:57,630 | __main__.py:30 | DEBUG: New Run
2026-05-30 00:58:57,630 | __main__.py:136 | INFO: Loading from save.txt
2026-05-30 00:58:57,630 | __main__.py:121 | ERROR: Could not Load File: save.txt
Traceback (most recent call last):
  File "/home/kalibasenji42/Documents/git/PiCalc/__main__.py", line 119, in readConfig
    try: loadFile(saveLocation)
         ~~~~~~~~^^^^^^^^^^^^^^
  File "/home/kalibasenji42/Documents/git/PiCalc/__main__.py", line 138, in loadFile
    with open(path, 'r') as file: data = json.loads(file.read()) # Read File
                                         ~~~~~~~~~~^^^^^^^^^^^^^
  File "/nix/store/8ln5bd92djnvnbcsm8zg5hm28b46ba1v-python3-3.13.12-env/lib/python3.13/json/__init__.py", line 352, in loads
    return _default_decoder.decode(s)
           ~~~~~~~~~~~~~~~~~~~~~~~^^^
  File "/nix/store/8ln5bd92djnvnbcsm8zg5hm28b46ba1v-python3-3.13.12-env/lib/python3.13/json/decoder.py", line 345, in decode
    obj, end = self.raw_decode(s, idx=_w(s, 0).end())
               ~~~~~~~~~~~~~~~^^^^^^^^^^^^^^^^^^^^^^^
  File "/nix/store/8ln5bd92djnvnbcsm8zg5hm28b46ba1v-python3-3.13.12-env/lib/python3.13/json/decoder.py", line 363, in raw_decode
    raise JSONDecodeError("Expecting value", s, err.value) from None
json.decoder.JSONDecodeError: Expecting value: line 1 column 1 (char 0)
2026-05-30 00:59:04,392 | __main__.py:586 | INFO: Keyboard Interrupt
2026-05-30 00:59:04,392 | __main__.py:153 | INFO: Saving to save.txt
2026-05-30 00:59:06,711 | __main__.py:30 | DEBUG: New Run
2026-05-30 00:59:06,712 | __main__.py:136 | INFO: Loading from save.txt
2026-05-30 00:59:28,403 | __main__.py:586 | INFO: Keyboard Interrupt
2026-05-30 00:59:28,404 | __main__.py:153 | INFO: Saving to save.txt
2026-05-30 01:00:05,312 | __main__.py:30 | DEBUG: New Run
2026-05-30 01:00:05,313 | __main__.py:136 | INFO: Loading from save.txt
2026-05-30 01:00:05,313 | __main__.py:121 | ERROR: Could not Load File: save.txt
Traceback (most recent call last):
  File "/home/kalibasenji42/Documents/git/PiCalc/__main__.py", line 119, in readConfig
    try: loadFile(saveLocation)
         ~~~~~~~~^^^^^^^^^^^^^^
  File "/home/kalibasenji42/Documents/git/PiCalc/__main__.py", line 138, in loadFile
    with open(path, 'r') as file: data = json.loads(file.read()) # Read File
                                         ~~~~~~~~~~^^^^^^^^^^^^^
  File "/nix/store/8ln5bd92djnvnbcsm8zg5hm28b46ba1v-python3-3.13.12-env/lib/python3.13/json/__init__.py", line 352, in loads
    return _default_decoder.decode(s)
           ~~~~~~~~~~~~~~~~~~~~~~~^^^
  File "/nix/store/8ln5bd92djnvnbcsm8zg5hm28b46ba1v-python3-3.13.12-env/lib/python3.13/json/decoder.py", line 345, in decode
    obj, end = self.raw_decode(s, idx=_w(s, 0).end())
               ~~~~~~~~~~~~~~~^^^^^^^^^^^^^^^^^^^^^^^
  File "/nix/store/8ln5bd92djnvnbcsm8zg5hm28b46ba1v-python3-3.13.12-env/lib/python3.13/json/decoder.py", line 363, in raw_decode
    raise JSONDecodeError("Expecting value", s, err.value) from None
json.decoder.JSONDecodeError: Expecting value: line 1 column 1 (char 0)
2026-05-30 01:00:39,631 | __main__.py:586 | INFO: Keyboard Interrupt
2026-05-30 01:00:39,632 | __main__.py:153 | INFO: Saving to save.txt
2026-05-30 01:00:54,173 | __main__.py:30 | DEBUG: New Run
2026-05-30 01:00:54,173 | __main__.py:136 | INFO: Loading from save.txt
2026-05-30 01:00:54,174 | __main__.py:121 | ERROR: Could not Load File: save.txt
Traceback (most recent call last):
  File "/home/kalibasenji42/Documents/git/PiCalc/__main__.py", line 119, in readConfig
    try: loadFile(saveLocation)
         ~~~~~~~~^^^^^^^^^^^^^^
  File "/home/kalibasenji42/Documents/git/PiCalc/__main__.py", line 138, in loadFile
    with open(path, 'r') as file: data = json.loads(file.read()) # Read File
                                         ~~~~~~~~~~^^^^^^^^^^^^^
  File "/nix/store/8ln5bd92djnvnbcsm8zg5hm28b46ba1v-python3-3.13.12-env/lib/python3.13/json/__init__.py", line 352, in loads
    return _default_decoder.decode(s)
           ~~~~~~~~~~~~~~~~~~~~~~~^^^
  File "/nix/store/8ln5bd92djnvnbcsm8zg5hm28b46ba1v-python3-3.13.12-env/lib/python3.13/json/decoder.py", line 345, in decode
    obj, end = self.raw_decode(s, idx=_w(s, 0).end())
               ~~~~~~~~~~~~~~~^^^^^^^^^^^^^^^^^^^^^^^
  File "/nix/store/8ln5bd92djnvnbcsm8zg5hm28b46ba1v-python3-3.13.12-env/lib/python3.13/json/decoder.py", line 363, in raw_decode
    raise JSONDecodeError("Expecting value", s, err.value) from None
json.decoder.JSONDecodeError: Expecting value: line 1 column 1 (char 0)
2026-05-30 01:02:50,625 | __main__.py:567 | INFO: Keyboard Interrupt
2026-05-30 01:02:50,625 | __main__.py:153 | INFO: Saving to save.txt
2026-05-30 01:02:50,625 | __main__.py:609 | ERROR: Could not Save File: save.txt
Traceback (most recent call last):
  File "/home/kalibasenji42/Documents/git/PiCalc/__main__.py", line 607, in <module>
    saveFile(saveLocation)
    ~~~~~~~~^^^^^^^^^^^^^^
  File "/home/kalibasenji42/Documents/git/PiCalc/__main__.py", line 166, in saveFile
    with open(path, 'w') as file: file.write(json.dumps(data)) # Write File
                                             ~~~~~~~~~~^^^^^^
  File "/nix/store/8ln5bd92djnvnbcsm8zg5hm28b46ba1v-python3-3.13.12-env/lib/python3.13/json/__init__.py", line 235, in dumps
    return _default_encoder.encode(obj)
           ~~~~~~~~~~~~~~~~~~~~~~~^^^^^
  File "/nix/store/8ln5bd92djnvnbcsm8zg5hm28b46ba1v-python3-3.13.12-env/lib/python3.13/json/encoder.py", line 202, in encode
    chunks = self.iterencode(o, _one_shot=True)
  File "/nix/store/8ln5bd92djnvnbcsm8zg5hm28b46ba1v-python3-3.13.12-env/lib/python3.13/json/encoder.py", line 263, in iterencode
    return _iterencode(o, 0)
ValueError: Exceeds the limit (4300 digits) for integer string conversion; use sys.set_int_max_str_digits() to increase the limit
2026-05-30 01:12:03,505 | __main__.py:30 | DEBUG: New Run
2026-05-30 01:12:18,114 | __main__.py:31 | DEBUG: New Run
2026-05-30 01:12:54,703 | __main__.py:31 | DEBUG: New Run
2026-05-30 01:12:54,703 | __main__.py:139 | INFO: Loading from save.txt
2026-05-30 01:12:54,703 | __main__.py:124 | ERROR: Could not Load File: save.txt
Traceback (most recent call last):
  File "/home/kalibasenji42/Documents/git/PiCalc/__main__.py", line 122, in readConfig
    try: loadFile(saveLocation)
         ~~~~~~~~^^^^^^^^^^^^^^
  File "/home/kalibasenji42/Documents/git/PiCalc/__main__.py", line 141, in loadFile
    with open(path, 'r') as file: data = json.loads(file.read()) # Read File
                                         ~~~~~~~~~~^^^^^^^^^^^^^
  File "/nix/store/8ln5bd92djnvnbcsm8zg5hm28b46ba1v-python3-3.13.12-env/lib/python3.13/json/__init__.py", line 352, in loads
    return _default_decoder.decode(s)
           ~~~~~~~~~~~~~~~~~~~~~~~^^^
  File "/nix/store/8ln5bd92djnvnbcsm8zg5hm28b46ba1v-python3-3.13.12-env/lib/python3.13/json/decoder.py", line 345, in decode
    obj, end = self.raw_decode(s, idx=_w(s, 0).end())
               ~~~~~~~~~~~~~~~^^^^^^^^^^^^^^^^^^^^^^^
  File "/nix/store/8ln5bd92djnvnbcsm8zg5hm28b46ba1v-python3-3.13.12-env/lib/python3.13/json/decoder.py", line 363, in raw_decode
    raise JSONDecodeError("Expecting value", s, err.value) from None
json.decoder.JSONDecodeError: Expecting value: line 1 column 1 (char 0)
2026-05-30 01:13:11,106 | __main__.py:589 | INFO: Keyboard Interrupt
2026-05-30 01:13:11,106 | __main__.py:156 | INFO: Saving to save.txt
2026-05-30 01:13:59,790 | __main__.py:31 | DEBUG: New Run
2026-05-30 01:13:59,790 | __main__.py:139 | INFO: Loading from save.txt
2026-05-30 01:13:59,791 | __main__.py:124 | ERROR: Could not Load File: save.txt
Traceback (most recent call last):
  File "/home/kalibasenji42/Documents/git/PiCalc/__main__.py", line 122, in readConfig
    try: loadFile(saveLocation)
         ~~~~~~~~^^^^^^^^^^^^^^
  File "/home/kalibasenji42/Documents/git/PiCalc/__main__.py", line 141, in loadFile
    with open(path, 'r') as file: data = json.loads(file.read()) # Read File
                                         ~~~~~~~~~~^^^^^^^^^^^^^
  File "/nix/store/8ln5bd92djnvnbcsm8zg5hm28b46ba1v-python3-3.13.12-env/lib/python3.13/json/__init__.py", line 352, in loads
    return _default_decoder.decode(s)
           ~~~~~~~~~~~~~~~~~~~~~~~^^^
  File "/nix/store/8ln5bd92djnvnbcsm8zg5hm28b46ba1v-python3-3.13.12-env/lib/python3.13/json/decoder.py", line 345, in decode
    obj, end = self.raw_decode(s, idx=_w(s, 0).end())
               ~~~~~~~~~~~~~~~^^^^^^^^^^^^^^^^^^^^^^^
  File "/nix/store/8ln5bd92djnvnbcsm8zg5hm28b46ba1v-python3-3.13.12-env/lib/python3.13/json/decoder.py", line 363, in raw_decode
    raise JSONDecodeError("Expecting value", s, err.value) from None
json.decoder.JSONDecodeError: Expecting value: line 1 column 1 (char 0)
2026-05-30 01:14:59,464 | __main__.py:570 | INFO: Keyboard Interrupt
2026-05-30 01:14:59,464 | __main__.py:156 | INFO: Saving to save.txt
2026-05-30 01:16:58,460 | __main__.py:31 | DEBUG: New Run
2026-05-30 01:16:58,460 | __main__.py:139 | INFO: Loading from save.txt
2026-05-30 01:16:58,460 | __main__.py:124 | ERROR: Could not Load File: save.txt
Traceback (most recent call last):
  File "/home/kalibasenji42/Documents/git/PiCalc/__main__.py", line 122, in readConfig
    try: loadFile(saveLocation)
         ~~~~~~~~^^^^^^^^^^^^^^
  File "/home/kalibasenji42/Documents/git/PiCalc/__main__.py", line 141, in loadFile
    with open(path, 'r') as file: data = json.loads(file.read()) # Read File
                                         ~~~~~~~~~~^^^^^^^^^^^^^
  File "/nix/store/8ln5bd92djnvnbcsm8zg5hm28b46ba1v-python3-3.13.12-env/lib/python3.13/json/__init__.py", line 352, in loads
    return _default_decoder.decode(s)
           ~~~~~~~~~~~~~~~~~~~~~~~^^^
  File "/nix/store/8ln5bd92djnvnbcsm8zg5hm28b46ba1v-python3-3.13.12-env/lib/python3.13/json/decoder.py", line 345, in decode
    obj, end = self.raw_decode(s, idx=_w(s, 0).end())
               ~~~~~~~~~~~~~~~^^^^^^^^^^^^^^^^^^^^^^^
  File "/nix/store/8ln5bd92djnvnbcsm8zg5hm28b46ba1v-python3-3.13.12-env/lib/python3.13/json/decoder.py", line 363, in raw_decode
    raise JSONDecodeError("Expecting value", s, err.value) from None
json.decoder.JSONDecodeError: Expecting value: line 1 column 1 (char 0)
2026-05-30 01:17:01,357 | __main__.py:589 | INFO: Keyboard Interrupt
2026-05-30 01:17:01,357 | __main__.py:156 | INFO: Saving to save.txt
2026-05-30 01:17:14,425 | __main__.py:31 | DEBUG: New Run
2026-05-30 01:17:14,425 | __main__.py:139 | INFO: Loading from save.txt
2026-05-30 01:17:18,857 | __main__.py:589 | INFO: Keyboard Interrupt
2026-05-30 01:17:18,857 | __main__.py:156 | INFO: Saving to save.txt
2026-05-30 01:17:54,972 | __main__.py:31 | DEBUG: New Run
2026-05-30 01:29:04,224 | __main__.py:589 | INFO: Keyboard Interrupt
2026-05-30 01:29:55,223 | __main__.py:31 | DEBUG: New Run
2026-05-30 01:30:03,122 | __main__.py:156 | INFO: Saving to save.txt
2026-05-30 01:30:13,269 | __main__.py:156 | INFO: Saving to save.txt
2026-05-30 01:30:18,828 | __main__.py:589 | INFO: Keyboard Interrupt
2026-05-30 01:30:26,664 | __main__.py:31 | DEBUG: New Run
2026-05-30 01:30:34,646 | __main__.py:156 | INFO: Saving to save.txt
2026-05-30 01:30:45,114 | __main__.py:156 | INFO: Saving to save.txt
2026-05-30 01:31:00,455 | __main__.py:156 | INFO: Saving to save.txt
2026-05-30 01:31:21,830 | __main__.py:156 | INFO: Saving to save.txt
2026-05-30 01:31:49,766 | __main__.py:156 | INFO: Saving to save.txt
2026-05-30 01:32:17,919 | __main__.py:589 | INFO: Keyboard Interrupt
2026-05-30 01:32:18,826 | __main__.py:31 | DEBUG: New Run
2026-05-30 01:32:25,831 | __main__.py:156 | INFO: Saving to save.txt
2026-05-30 01:32:31,302 | __main__.py:570 | INFO: Keyboard Interrupt
2026-05-30 01:32:39,275 | __main__.py:31 | DEBUG: New Run
2026-05-30 01:32:48,114 | __main__.py:156 | INFO: Saving to save.txt
2026-05-30 01:33:02,544 | __main__.py:156 | INFO: Saving to save.txt
2026-05-30 01:33:25,764 | __main__.py:156 | INFO: Saving to save.txt
2026-05-30 01:33:59,108 | __main__.py:156 | INFO: Saving to save.txt
2026-05-30 01:34:44,393 | __main__.py:156 | INFO: Saving to save.txt
2026-05-30 01:35:44,087 | __main__.py:570 | INFO: Keyboard Interrupt
2026-05-30 01:37:03,087 | __main__.py:31 | DEBUG: New Run
2026-05-30 01:37:10,657 | __main__.py:570 | INFO: Keyboard Interrupt
2026-05-30 01:37:19,621 | __main__.py:31 | DEBUG: New Run
2026-05-30 01:37:28,419 | __main__.py:156 | INFO: Saving to save.txt
2026-05-30 01:37:30,511 | __main__.py:570 | INFO: Keyboard Interrupt
2026-05-30 01:38:37,233 | __main__.py:31 | DEBUG: New Run
2026-05-30 01:38:42,034 | __main__.py:589 | INFO: Keyboard Interrupt
2026-05-30 01:39:00,029 | __main__.py:31 | DEBUG: New Run
2026-05-30 01:39:03,112 | __main__.py:589 | INFO: Keyboard Interrupt
2026-05-30 01:39:03,113 | __main__.py:156 | INFO: Saving to save.txt
2026-05-30 01:39:16,439 | __main__.py:31 | DEBUG: New Run
2026-05-30 01:39:16,440 | __main__.py:139 | INFO: Loading from save.txt
2026-05-30 01:39:29,137 | __main__.py:589 | INFO: Keyboard Interrupt
2026-05-30 01:39:45,371 | __main__.py:31 | DEBUG: New Run
2026-05-30 01:40:35,123 | __main__.py:589 | INFO: Keyboard Interrupt
